Archive member included because of file (symbol)

c:/siliconlabs/simplicitystudio/v2/developer/toolchains/gnu_arm/4.7_2013q1/bin/../lib/gcc/arm-none-eabi/4.7.3/../../../../arm-none-eabi/lib/armv7-m\libc_s.a(lib_a-__atexit2.o)
                              c:/siliconlabs/simplicitystudio/v2/developer/toolchains/gnu_arm/4.7_2013q1/bin/../lib/gcc/arm-none-eabi/4.7.3/../../../../arm-none-eabi/lib/armv7-m/crt0.o (__register_exitproc)
c:/siliconlabs/simplicitystudio/v2/developer/toolchains/gnu_arm/4.7_2013q1/bin/../lib/gcc/arm-none-eabi/4.7.3/../../../../arm-none-eabi/lib/armv7-m\libc_s.a(lib_a-exit.o)
                              c:/siliconlabs/simplicitystudio/v2/developer/toolchains/gnu_arm/4.7_2013q1/bin/../lib/gcc/arm-none-eabi/4.7.3/../../../../arm-none-eabi/lib/armv7-m/crt0.o (exit)
c:/siliconlabs/simplicitystudio/v2/developer/toolchains/gnu_arm/4.7_2013q1/bin/../lib/gcc/arm-none-eabi/4.7.3/../../../../arm-none-eabi/lib/armv7-m\libc_s.a(lib_a-fini.o)
                              c:/siliconlabs/simplicitystudio/v2/developer/toolchains/gnu_arm/4.7_2013q1/bin/../lib/gcc/arm-none-eabi/4.7.3/../../../../arm-none-eabi/lib/armv7-m/crt0.o (__libc_fini_array)
c:/siliconlabs/simplicitystudio/v2/developer/toolchains/gnu_arm/4.7_2013q1/bin/../lib/gcc/arm-none-eabi/4.7.3/../../../../arm-none-eabi/lib/armv7-m\libc_s.a(lib_a-impure.o)
                              c:/siliconlabs/simplicitystudio/v2/developer/toolchains/gnu_arm/4.7_2013q1/bin/../lib/gcc/arm-none-eabi/4.7.3/../../../../arm-none-eabi/lib/armv7-m\libc_s.a(lib_a-exit.o) (_global_impure_ptr)
c:/siliconlabs/simplicitystudio/v2/developer/toolchains/gnu_arm/4.7_2013q1/bin/../lib/gcc/arm-none-eabi/4.7.3/../../../../arm-none-eabi/lib/armv7-m\libc_s.a(lib_a-init.o)
                              c:/siliconlabs/simplicitystudio/v2/developer/toolchains/gnu_arm/4.7_2013q1/bin/../lib/gcc/arm-none-eabi/4.7.3/../../../../arm-none-eabi/lib/armv7-m/crt0.o (__libc_init_array)
c:/siliconlabs/simplicitystudio/v2/developer/toolchains/gnu_arm/4.7_2013q1/bin/../lib/gcc/arm-none-eabi/4.7.3/../../../../arm-none-eabi/lib/armv7-m\libc_s.a(lib_a-memset.o)
                              c:/siliconlabs/simplicitystudio/v2/developer/toolchains/gnu_arm/4.7_2013q1/bin/../lib/gcc/arm-none-eabi/4.7.3/../../../../arm-none-eabi/lib/armv7-m/crt0.o (memset)
c:/siliconlabs/simplicitystudio/v2/developer/toolchains/gnu_arm/4.7_2013q1/bin/../lib/gcc/arm-none-eabi/4.7.3/../../../../arm-none-eabi/lib/armv7-m\libnosys.a(_exit.o)
                              c:/siliconlabs/simplicitystudio/v2/developer/toolchains/gnu_arm/4.7_2013q1/bin/../lib/gcc/arm-none-eabi/4.7.3/../../../../arm-none-eabi/lib/armv7-m\libc_s.a(lib_a-exit.o) (_exit)

Allocating common symbols
Common symbol       size              file

slaveRxBufferIndex  0x4               ./src/spi.o
SystemCoreClock     0x4               ./CMSIS/efm32tg/system_efm32tg.o
receiveBuffer2      0x5               ./src/main.o
masterRxBufferIndex
                    0x4               ./src/spi.o
slaveRxBuffer       0x4               ./src/spi.o
slaveRxBufferSize   0x4               ./src/spi.o
masterRxBufferSize  0x4               ./src/spi.o
slaveTxBufferSize   0x4               ./src/spi.o
msTicks             0x4               ./src/main.o
masterRxBuffer      0x4               ./src/spi.o
slaveTxBuffer       0x4               ./src/spi.o
receiveBuffer       0x5               ./src/main.o
slaveTxBufferIndex  0x4               ./src/spi.o

Discarded input sections

 .text          0x00000000        0x0 c:/siliconlabs/simplicitystudio/v2/developer/toolchains/gnu_arm/4.7_2013q1/bin/../lib/gcc/arm-none-eabi/4.7.3/armv7-m/crti.o
 .data          0x00000000        0x0 c:/siliconlabs/simplicitystudio/v2/developer/toolchains/gnu_arm/4.7_2013q1/bin/../lib/gcc/arm-none-eabi/4.7.3/armv7-m/crti.o
 .bss           0x00000000        0x0 c:/siliconlabs/simplicitystudio/v2/developer/toolchains/gnu_arm/4.7_2013q1/bin/../lib/gcc/arm-none-eabi/4.7.3/armv7-m/crti.o
 .data          0x00000000        0x4 c:/siliconlabs/simplicitystudio/v2/developer/toolchains/gnu_arm/4.7_2013q1/bin/../lib/gcc/arm-none-eabi/4.7.3/armv7-m/crtbegin.o
 .data          0x00000000        0x0 c:/siliconlabs/simplicitystudio/v2/developer/toolchains/gnu_arm/4.7_2013q1/bin/../lib/gcc/arm-none-eabi/4.7.3/../../../../arm-none-eabi/lib/armv7-m/crt0.o
 .bss           0x00000000        0x0 c:/siliconlabs/simplicitystudio/v2/developer/toolchains/gnu_arm/4.7_2013q1/bin/../lib/gcc/arm-none-eabi/4.7.3/../../../../arm-none-eabi/lib/armv7-m/crt0.o
 .ARM.extab     0x00000000        0x0 c:/siliconlabs/simplicitystudio/v2/developer/toolchains/gnu_arm/4.7_2013q1/bin/../lib/gcc/arm-none-eabi/4.7.3/../../../../arm-none-eabi/lib/armv7-m/crt0.o
 .text          0x00000000        0x0 ./src/main.o
 .data          0x00000000        0x0 ./src/main.o
 .bss           0x00000000        0x0 ./src/main.o
 .data.transmitBuffer
                0x00000000        0x8 ./src/main.o
 .text          0x00000000        0x0 ./src/spi.o
 .data          0x00000000        0x0 ./src/spi.o
 .bss           0x00000000        0x0 ./src/spi.o
 .text.NVIC_EnableIRQ
                0x00000000       0x38 ./src/spi.o
 .text.NVIC_ClearPendingIRQ
                0x00000000       0x3c ./src/spi.o
 .text.SPI1_setupRXInt
                0x00000000       0x68 ./src/spi.o
 .text.SPI1_setupTXInt
                0x00000000       0x68 ./src/spi.o
 .text.SPI1_setupSlaveInt
                0x00000000       0x28 ./src/spi.o
 .text          0x00000000        0x0 ./src/usart.o
 .data          0x00000000        0x0 ./src/usart.o
 .bss           0x00000000        0x0 ./src/usart.o
 .text.USART1_sendBuffer
                0x00000000       0x74 ./src/usart.o
 .text.USART1_sendByte
                0x00000000       0x44 ./src/usart.o
 .text          0x00000000        0x0 ./emlib/em_assert.o
 .data          0x00000000        0x0 ./emlib/em_assert.o
 .bss           0x00000000        0x0 ./emlib/em_assert.o
 .text          0x00000000        0x0 ./emlib/em_cmu.o
 .data          0x00000000        0x0 ./emlib/em_cmu.o
 .bss           0x00000000        0x0 ./emlib/em_cmu.o
 .text.CMU_FlashWaitStateMax
                0x00000000       0x68 ./emlib/em_cmu.o
 .text.CMU_Log2ToDiv
                0x00000000       0x20 ./emlib/em_cmu.o
 .text.CMU_FlashWaitStateControl
                0x00000000       0xa4 ./emlib/em_cmu.o
 .text.CMU_Calibrate
                0x00000000       0xf4 ./emlib/em_cmu.o
 .text.CMU_CalibrateConfig
                0x00000000      0x120 ./emlib/em_cmu.o
 .text.CMU_ClockDivGet
                0x00000000      0x1b0 ./emlib/em_cmu.o
 .text.CMU_ClockDivSet
                0x00000000      0x2d4 ./emlib/em_cmu.o
 .text.CMU_ClockSelectSet
                0x00000000      0x27c ./emlib/em_cmu.o
 .text.CMU_FreezeEnable
                0x00000000       0x48 ./emlib/em_cmu.o
 .text.CMU_AUXHFRCOBandGet
                0x00000000       0x20 ./emlib/em_cmu.o
 .text.CMU_AUXHFRCOBandSet
                0x00000000       0xf0 ./emlib/em_cmu.o
 .text.CMU_HFRCOBandGet
                0x00000000       0x20 ./emlib/em_cmu.o
 .text.CMU_HFRCOBandSet
                0x00000000      0x110 ./emlib/em_cmu.o
 .text.CMU_HFRCOStartupDelayGet
                0x00000000       0x20 ./emlib/em_cmu.o
 .text.CMU_HFRCOStartupDelaySet
                0x00000000       0x50 ./emlib/em_cmu.o
 .text.CMU_LCDClkFDIVGet
                0x00000000       0x1c ./emlib/em_cmu.o
 .text.CMU_LCDClkFDIVSet
                0x00000000       0x60 ./emlib/em_cmu.o
 .text.CMU_OscillatorEnable
                0x00000000       0xf8 ./emlib/em_cmu.o
 .text.CMU_OscillatorTuningGet
                0x00000000       0x70 ./emlib/em_cmu.o
 .text.CMU_OscillatorTuningSet
                0x00000000       0xe4 ./emlib/em_cmu.o
 .text.CMU_PCNTClockExternalGet
                0x00000000       0x4c ./emlib/em_cmu.o
 .text.CMU_PCNTClockExternalSet
                0x00000000       0x58 ./emlib/em_cmu.o
 .text          0x00000000        0x0 ./emlib/em_emu.o
 .data          0x00000000        0x0 ./emlib/em_emu.o
 .bss           0x00000000        0x0 ./emlib/em_emu.o
 .text.SystemCoreClockUpdate
                0x00000000        0xc ./emlib/em_emu.o
 .text.CMU_Lock
                0x00000000       0x1c ./emlib/em_emu.o
 .text.CMU_Unlock
                0x00000000       0x1c ./emlib/em_emu.o
 .bss.cmuStatus
                0x00000000        0x2 ./emlib/em_emu.o
 .text.EMU_Restore
                0x00000000       0xf8 ./emlib/em_emu.o
 .text.EMU_EnterEM2
                0x00000000       0x64 ./emlib/em_emu.o
 .text.EMU_EnterEM3
                0x00000000       0x94 ./emlib/em_emu.o
 .text.EMU_EnterEM4
                0x00000000       0x60 ./emlib/em_emu.o
 .text.EMU_MemPwrDown
                0x00000000       0x14 ./emlib/em_emu.o
 .text.EMU_UpdateOscConfig
                0x00000000       0x20 ./emlib/em_emu.o
 .debug_info    0x00000000      0x646 ./emlib/em_emu.o
 .debug_abbrev  0x00000000      0x1ed ./emlib/em_emu.o
 .debug_loc     0x00000000      0x1c8 ./emlib/em_emu.o
 .debug_aranges
                0x00000000       0x60 ./emlib/em_emu.o
 .debug_ranges  0x00000000       0x50 ./emlib/em_emu.o
 .debug_line    0x00000000      0x36b ./emlib/em_emu.o
 .debug_str     0x00000000      0x37c ./emlib/em_emu.o
 .comment       0x00000000       0x71 ./emlib/em_emu.o
 .ARM.attributes
                0x00000000       0x33 ./emlib/em_emu.o
 .debug_frame   0x00000000      0x10c ./emlib/em_emu.o
 .text          0x00000000        0x0 ./emlib/em_gpio.o
 .data          0x00000000        0x0 ./emlib/em_gpio.o
 .bss           0x00000000        0x0 ./emlib/em_gpio.o
 .text.GPIO_DbgLocationSet
                0x00000000       0x4c ./emlib/em_gpio.o
 .text.GPIO_DriveModeSet
                0x00000000       0x70 ./emlib/em_gpio.o
 .text          0x00000000        0x0 ./emlib/em_int.o
 .data          0x00000000        0x0 ./emlib/em_int.o
 .bss           0x00000000        0x0 ./emlib/em_int.o
 .text          0x00000000        0x0 ./emlib/em_system.o
 .data          0x00000000        0x0 ./emlib/em_system.o
 .bss           0x00000000        0x0 ./emlib/em_system.o
 .rodata        0x00000000       0x54 ./emlib/em_system.o
 .text.SYSTEM_ChipRevisionGet
                0x00000000       0x70 ./emlib/em_system.o
 .text.SYSTEM_GetCalibrationValue
                0x00000000       0x6c ./emlib/em_system.o
 .debug_info    0x00000000      0x241 ./emlib/em_system.o
 .debug_abbrev  0x00000000       0xed ./emlib/em_system.o
 .debug_loc     0x00000000       0x70 ./emlib/em_system.o
 .debug_aranges
                0x00000000       0x28 ./emlib/em_system.o
 .debug_ranges  0x00000000       0x18 ./emlib/em_system.o
 .debug_line    0x00000000      0x284 ./emlib/em_system.o
 .debug_str     0x00000000      0x220 ./emlib/em_system.o
 .comment       0x00000000       0x71 ./emlib/em_system.o
 .ARM.attributes
                0x00000000       0x33 ./emlib/em_system.o
 .debug_frame   0x00000000       0x50 ./emlib/em_system.o
 .text          0x00000000        0x0 ./emlib/em_usart.o
 .data          0x00000000        0x0 ./emlib/em_usart.o
 .bss           0x00000000        0x0 ./emlib/em_usart.o
 .rodata        0x00000000       0x50 ./emlib/em_usart.o
 .text.USART_BaudrateAsyncSet
                0x00000000      0x188 ./emlib/em_usart.o
 .text.USART_BaudrateCalc
                0x00000000       0xcc ./emlib/em_usart.o
 .text.USART_BaudrateGet
                0x00000000       0x58 ./emlib/em_usart.o
 .text.USART_BaudrateSyncSet
                0x00000000       0xb0 ./emlib/em_usart.o
 .text.USART_Enable
                0x00000000       0x60 ./emlib/em_usart.o
 .text.USART_InitAsync
                0x00000000       0xa4 ./emlib/em_usart.o
 .text.USART_InitSync
                0x00000000       0xd8 ./emlib/em_usart.o
 .text.USART_InitIrDA
                0x00000000       0x7c ./emlib/em_usart.o
 .text.USART_InitI2s
                0x00000000       0xa8 ./emlib/em_usart.o
 .text.USART_InitPrsTrigger
                0x00000000       0x60 ./emlib/em_usart.o
 .text.USART_Reset
                0x00000000       0xb0 ./emlib/em_usart.o
 .text.USART_Rx
                0x00000000       0x28 ./emlib/em_usart.o
 .text.USART_RxDouble
                0x00000000       0x28 ./emlib/em_usart.o
 .text.USART_RxDoubleExt
                0x00000000       0x28 ./emlib/em_usart.o
 .text.USART_RxExt
                0x00000000       0x28 ./emlib/em_usart.o
 .text.USART_SpiTransfer
                0x00000000       0x40 ./emlib/em_usart.o
 .text.USART_Tx
                0x00000000       0x2c ./emlib/em_usart.o
 .text.USART_TxDouble
                0x00000000       0x2c ./emlib/em_usart.o
 .text.USART_TxDoubleExt
                0x00000000       0x28 ./emlib/em_usart.o
 .text.USART_TxExt
                0x00000000       0x2c ./emlib/em_usart.o
 .debug_info    0x00000000      0xde7 ./emlib/em_usart.o
 .debug_abbrev  0x00000000      0x1d4 ./emlib/em_usart.o
 .debug_loc     0x00000000      0x460 ./emlib/em_usart.o
 .debug_aranges
                0x00000000       0xb8 ./emlib/em_usart.o
 .debug_ranges  0x00000000       0xa8 ./emlib/em_usart.o
 .debug_line    0x00000000      0x544 ./emlib/em_usart.o
 .debug_str     0x00000000      0xc3b ./emlib/em_usart.o
 .comment       0x00000000       0x71 ./emlib/em_usart.o
 .ARM.attributes
                0x00000000       0x33 ./emlib/em_usart.o
 .debug_frame   0x00000000      0x264 ./emlib/em_usart.o
 .text          0x00000000        0x0 ./Drivers/gpiointerrupt.o
 .data          0x00000000        0x0 ./Drivers/gpiointerrupt.o
 .bss           0x00000000        0x0 ./Drivers/gpiointerrupt.o
 .data          0x00000000        0x0 ./CMSIS/efm32tg/startup_efm32tg.o
 .bss           0x00000000        0x0 ./CMSIS/efm32tg/startup_efm32tg.o
 .text          0x00000000        0x0 ./CMSIS/efm32tg/system_efm32tg.o
 .data          0x00000000        0x0 ./CMSIS/efm32tg/system_efm32tg.o
 .bss           0x00000000        0x0 ./CMSIS/efm32tg/system_efm32tg.o
 .text.SystemHFXOClockGet
                0x00000000       0x18 ./CMSIS/efm32tg/system_efm32tg.o
 .text.SystemHFXOClockSet
                0x00000000       0x34 ./CMSIS/efm32tg/system_efm32tg.o
 .text.SystemLFXOClockSet
                0x00000000       0x34 ./CMSIS/efm32tg/system_efm32tg.o
 .text          0x00000000        0x0 ./BSP/bsp_bcc.o
 .data          0x00000000        0x0 ./BSP/bsp_bcc.o
 .bss           0x00000000        0x0 ./BSP/bsp_bcc.o
 .bss.rxByteCount
                0x00000000        0x4 ./BSP/bsp_bcc.o
 .bss.txByteCount
                0x00000000        0x4 ./BSP/bsp_bcc.o
 .text.BSP_BccDeInit
                0x00000000       0x4c ./BSP/bsp_bcc.o
 .rodata        0x00000000       0x18 ./BSP/bsp_bcc.o
 .text.BSP_BccInit
                0x00000000       0x90 ./BSP/bsp_bcc.o
 .text.BSP_BccPacketReceive
                0x00000000       0xc8 ./BSP/bsp_bcc.o
 .text.BSP_BccPacketSend
                0x00000000       0x6c ./BSP/bsp_bcc.o
 .text.BSP_BccPinsEnable
                0x00000000       0xc8 ./BSP/bsp_bcc.o
 .text.RxByte   0x00000000       0x4c ./BSP/bsp_bcc.o
 .text.TxByte   0x00000000       0x4c ./BSP/bsp_bcc.o
 .debug_info    0x00000000      0x78e ./BSP/bsp_bcc.o
 .debug_abbrev  0x00000000      0x1aa ./BSP/bsp_bcc.o
 .debug_loc     0x00000000      0x17c ./BSP/bsp_bcc.o
 .debug_aranges
                0x00000000       0x50 ./BSP/bsp_bcc.o
 .debug_ranges  0x00000000       0x40 ./BSP/bsp_bcc.o
 .debug_line    0x00000000      0x339 ./BSP/bsp_bcc.o
 .debug_str     0x00000000      0x8f6 ./BSP/bsp_bcc.o
 .comment       0x00000000       0x71 ./BSP/bsp_bcc.o
 .ARM.attributes
                0x00000000       0x33 ./BSP/bsp_bcc.o
 .debug_frame   0x00000000       0xe8 ./BSP/bsp_bcc.o
 .text          0x00000000        0x0 ./BSP/bsp_stk.o
 .data          0x00000000        0x0 ./BSP/bsp_stk.o
 .bss           0x00000000        0x0 ./BSP/bsp_stk.o
 .text.BSP_Disable
                0x00000000       0x14 ./BSP/bsp_stk.o
 .text.BSP_EbiInit
                0x00000000       0x10 ./BSP/bsp_stk.o
 .text.BSP_EbiDeInit
                0x00000000       0x10 ./BSP/bsp_stk.o
 .text.BSP_Init
                0x00000000       0x24 ./BSP/bsp_stk.o
 .text.BSP_CurrentGet
                0x00000000       0x48 ./BSP/bsp_stk.o
 .text.BSP_VoltageGet
                0x00000000       0x48 ./BSP/bsp_stk.o
 .debug_info    0x00000000      0x20f ./BSP/bsp_stk.o
 .debug_abbrev  0x00000000      0x103 ./BSP/bsp_stk.o
 .debug_loc     0x00000000      0x12c ./BSP/bsp_stk.o
 .debug_aranges
                0x00000000       0x48 ./BSP/bsp_stk.o
 .debug_ranges  0x00000000       0x38 ./BSP/bsp_stk.o
 .debug_line    0x00000000      0x1f5 ./BSP/bsp_stk.o
 .debug_str     0x00000000      0x1f0 ./BSP/bsp_stk.o
 .comment       0x00000000       0x71 ./BSP/bsp_stk.o
 .ARM.attributes
                0x00000000       0x33 ./BSP/bsp_stk.o
 .debug_frame   0x00000000       0xbc ./BSP/bsp_stk.o
 .text          0x00000000        0x0 ./BSP/bsp_stk_leds.o
 .data          0x00000000        0x0 ./BSP/bsp_stk_leds.o
 .bss           0x00000000        0x0 ./BSP/bsp_stk_leds.o
 .rodata        0x00000000       0x50 ./BSP/bsp_stk_leds.o
 .text.GPIO_PinOutClear
                0x00000000       0x5c ./BSP/bsp_stk_leds.o
 .text.GPIO_PinOutGet
                0x00000000       0x5c ./BSP/bsp_stk_leds.o
 .text.GPIO_PinOutSet
                0x00000000       0x5c ./BSP/bsp_stk_leds.o
 .text.GPIO_PinOutToggle
                0x00000000       0x5c ./BSP/bsp_stk_leds.o
 .rodata.ledArray
                0x00000000        0x8 ./BSP/bsp_stk_leds.o
 .text.BSP_LedsInit
                0x00000000       0x7c ./BSP/bsp_stk_leds.o
 .text.BSP_LedsGet
                0x00000000       0x74 ./BSP/bsp_stk_leds.o
 .text.BSP_LedsSet
                0x00000000       0x98 ./BSP/bsp_stk_leds.o
 .text.BSP_LedClear
                0x00000000       0x50 ./BSP/bsp_stk_leds.o
 .text.BSP_LedGet
                0x00000000       0x54 ./BSP/bsp_stk_leds.o
 .text.BSP_LedSet
                0x00000000       0x50 ./BSP/bsp_stk_leds.o
 .text.BSP_LedToggle
                0x00000000       0x50 ./BSP/bsp_stk_leds.o
 .debug_info    0x00000000      0x6cc ./BSP/bsp_stk_leds.o
 .debug_abbrev  0x00000000      0x14f ./BSP/bsp_stk_leds.o
 .debug_loc     0x00000000      0x268 ./BSP/bsp_stk_leds.o
 .debug_aranges
                0x00000000       0x70 ./BSP/bsp_stk_leds.o
 .debug_ranges  0x00000000       0x60 ./BSP/bsp_stk_leds.o
 .debug_line    0x00000000      0x3b3 ./BSP/bsp_stk_leds.o
 .debug_str     0x00000000      0x623 ./BSP/bsp_stk_leds.o
 .comment       0x00000000       0x71 ./BSP/bsp_stk_leds.o
 .ARM.attributes
                0x00000000       0x33 ./BSP/bsp_stk_leds.o
 .debug_frame   0x00000000      0x170 ./BSP/bsp_stk_leds.o
 .text          0x00000000        0x0 ./BSP/bsp_trace.o
 .data          0x00000000        0x0 ./BSP/bsp_trace.o
 .bss           0x00000000        0x0 ./BSP/bsp_trace.o
 .text.BSP_TraceSwoSetup
                0x00000000      0x13c ./BSP/bsp_trace.o
 .text.BSP_TraceProfilerSetup
                0x00000000       0x2c ./BSP/bsp_trace.o
 .debug_info    0x00000000      0xae7 ./BSP/bsp_trace.o
 .debug_abbrev  0x00000000      0x154 ./BSP/bsp_trace.o
 .debug_loc     0x00000000       0x64 ./BSP/bsp_trace.o
 .debug_aranges
                0x00000000       0x28 ./BSP/bsp_trace.o
 .debug_ranges  0x00000000       0x18 ./BSP/bsp_trace.o
 .debug_line    0x00000000      0x23b ./BSP/bsp_trace.o
 .debug_str     0x00000000      0x4d8 ./BSP/bsp_trace.o
 .comment       0x00000000       0x71 ./BSP/bsp_trace.o
 .ARM.attributes
                0x00000000       0x33 ./BSP/bsp_trace.o
 .debug_frame   0x00000000       0x48 ./BSP/bsp_trace.o
 .text          0x00000000        0x0 c:/siliconlabs/simplicitystudio/v2/developer/toolchains/gnu_arm/4.7_2013q1/bin/../lib/gcc/arm-none-eabi/4.7.3/../../../../arm-none-eabi/lib/armv7-m\libc_s.a(lib_a-__atexit2.o)
 .data          0x00000000        0x0 c:/siliconlabs/simplicitystudio/v2/developer/toolchains/gnu_arm/4.7_2013q1/bin/../lib/gcc/arm-none-eabi/4.7.3/../../../../arm-none-eabi/lib/armv7-m\libc_s.a(lib_a-__atexit2.o)
 .bss           0x00000000        0x0 c:/siliconlabs/simplicitystudio/v2/developer/toolchains/gnu_arm/4.7_2013q1/bin/../lib/gcc/arm-none-eabi/4.7.3/../../../../arm-none-eabi/lib/armv7-m\libc_s.a(lib_a-__atexit2.o)
 .text          0x00000000        0x0 c:/siliconlabs/simplicitystudio/v2/developer/toolchains/gnu_arm/4.7_2013q1/bin/../lib/gcc/arm-none-eabi/4.7.3/../../../../arm-none-eabi/lib/armv7-m\libc_s.a(lib_a-exit.o)
 .data          0x00000000        0x0 c:/siliconlabs/simplicitystudio/v2/developer/toolchains/gnu_arm/4.7_2013q1/bin/../lib/gcc/arm-none-eabi/4.7.3/../../../../arm-none-eabi/lib/armv7-m\libc_s.a(lib_a-exit.o)
 .bss           0x00000000        0x0 c:/siliconlabs/simplicitystudio/v2/developer/toolchains/gnu_arm/4.7_2013q1/bin/../lib/gcc/arm-none-eabi/4.7.3/../../../../arm-none-eabi/lib/armv7-m\libc_s.a(lib_a-exit.o)
 .text          0x00000000        0x0 c:/siliconlabs/simplicitystudio/v2/developer/toolchains/gnu_arm/4.7_2013q1/bin/../lib/gcc/arm-none-eabi/4.7.3/../../../../arm-none-eabi/lib/armv7-m\libc_s.a(lib_a-fini.o)
 .data          0x00000000        0x0 c:/siliconlabs/simplicitystudio/v2/developer/toolchains/gnu_arm/4.7_2013q1/bin/../lib/gcc/arm-none-eabi/4.7.3/../../../../arm-none-eabi/lib/armv7-m\libc_s.a(lib_a-fini.o)
 .bss           0x00000000        0x0 c:/siliconlabs/simplicitystudio/v2/developer/toolchains/gnu_arm/4.7_2013q1/bin/../lib/gcc/arm-none-eabi/4.7.3/../../../../arm-none-eabi/lib/armv7-m\libc_s.a(lib_a-fini.o)
 .text          0x00000000        0x0 c:/siliconlabs/simplicitystudio/v2/developer/toolchains/gnu_arm/4.7_2013q1/bin/../lib/gcc/arm-none-eabi/4.7.3/../../../../arm-none-eabi/lib/armv7-m\libc_s.a(lib_a-impure.o)
 .data          0x00000000        0x0 c:/siliconlabs/simplicitystudio/v2/developer/toolchains/gnu_arm/4.7_2013q1/bin/../lib/gcc/arm-none-eabi/4.7.3/../../../../arm-none-eabi/lib/armv7-m\libc_s.a(lib_a-impure.o)
 .bss           0x00000000        0x0 c:/siliconlabs/simplicitystudio/v2/developer/toolchains/gnu_arm/4.7_2013q1/bin/../lib/gcc/arm-none-eabi/4.7.3/../../../../arm-none-eabi/lib/armv7-m\libc_s.a(lib_a-impure.o)
 .data._impure_ptr
                0x00000000        0x4 c:/siliconlabs/simplicitystudio/v2/developer/toolchains/gnu_arm/4.7_2013q1/bin/../lib/gcc/arm-none-eabi/4.7.3/../../../../arm-none-eabi/lib/armv7-m\libc_s.a(lib_a-impure.o)
 .text          0x00000000        0x0 c:/siliconlabs/simplicitystudio/v2/developer/toolchains/gnu_arm/4.7_2013q1/bin/../lib/gcc/arm-none-eabi/4.7.3/../../../../arm-none-eabi/lib/armv7-m\libc_s.a(lib_a-init.o)
 .data          0x00000000        0x0 c:/siliconlabs/simplicitystudio/v2/developer/toolchains/gnu_arm/4.7_2013q1/bin/../lib/gcc/arm-none-eabi/4.7.3/../../../../arm-none-eabi/lib/armv7-m\libc_s.a(lib_a-init.o)
 .bss           0x00000000        0x0 c:/siliconlabs/simplicitystudio/v2/developer/toolchains/gnu_arm/4.7_2013q1/bin/../lib/gcc/arm-none-eabi/4.7.3/../../../../arm-none-eabi/lib/armv7-m\libc_s.a(lib_a-init.o)
 .text          0x00000000        0x0 c:/siliconlabs/simplicitystudio/v2/developer/toolchains/gnu_arm/4.7_2013q1/bin/../lib/gcc/arm-none-eabi/4.7.3/../../../../arm-none-eabi/lib/armv7-m\libc_s.a(lib_a-memset.o)
 .data          0x00000000        0x0 c:/siliconlabs/simplicitystudio/v2/developer/toolchains/gnu_arm/4.7_2013q1/bin/../lib/gcc/arm-none-eabi/4.7.3/../../../../arm-none-eabi/lib/armv7-m\libc_s.a(lib_a-memset.o)
 .bss           0x00000000        0x0 c:/siliconlabs/simplicitystudio/v2/developer/toolchains/gnu_arm/4.7_2013q1/bin/../lib/gcc/arm-none-eabi/4.7.3/../../../../arm-none-eabi/lib/armv7-m\libc_s.a(lib_a-memset.o)
 .text          0x00000000        0x0 c:/siliconlabs/simplicitystudio/v2/developer/toolchains/gnu_arm/4.7_2013q1/bin/../lib/gcc/arm-none-eabi/4.7.3/../../../../arm-none-eabi/lib/armv7-m\libnosys.a(_exit.o)
 .data          0x00000000        0x0 c:/siliconlabs/simplicitystudio/v2/developer/toolchains/gnu_arm/4.7_2013q1/bin/../lib/gcc/arm-none-eabi/4.7.3/../../../../arm-none-eabi/lib/armv7-m\libnosys.a(_exit.o)
 .bss           0x00000000        0x0 c:/siliconlabs/simplicitystudio/v2/developer/toolchains/gnu_arm/4.7_2013q1/bin/../lib/gcc/arm-none-eabi/4.7.3/../../../../arm-none-eabi/lib/armv7-m\libnosys.a(_exit.o)
 .text          0x00000000        0x0 c:/siliconlabs/simplicitystudio/v2/developer/toolchains/gnu_arm/4.7_2013q1/bin/../lib/gcc/arm-none-eabi/4.7.3/armv7-m/crtend.o
 .data          0x00000000        0x0 c:/siliconlabs/simplicitystudio/v2/developer/toolchains/gnu_arm/4.7_2013q1/bin/../lib/gcc/arm-none-eabi/4.7.3/armv7-m/crtend.o
 .bss           0x00000000        0x0 c:/siliconlabs/simplicitystudio/v2/developer/toolchains/gnu_arm/4.7_2013q1/bin/../lib/gcc/arm-none-eabi/4.7.3/armv7-m/crtend.o
 .jcr           0x00000000        0x4 c:/siliconlabs/simplicitystudio/v2/developer/toolchains/gnu_arm/4.7_2013q1/bin/../lib/gcc/arm-none-eabi/4.7.3/armv7-m/crtend.o
 .text          0x00000000        0x0 c:/siliconlabs/simplicitystudio/v2/developer/toolchains/gnu_arm/4.7_2013q1/bin/../lib/gcc/arm-none-eabi/4.7.3/armv7-m/crtn.o
 .data          0x00000000        0x0 c:/siliconlabs/simplicitystudio/v2/developer/toolchains/gnu_arm/4.7_2013q1/bin/../lib/gcc/arm-none-eabi/4.7.3/armv7-m/crtn.o
 .bss           0x00000000        0x0 c:/siliconlabs/simplicitystudio/v2/developer/toolchains/gnu_arm/4.7_2013q1/bin/../lib/gcc/arm-none-eabi/4.7.3/armv7-m/crtn.o

Memory Configuration

Name             Origin             Length             Attributes
FLASH            0x00000000         0x00008000         xr
RAM              0x20000000         0x00001000         xrw
*default*        0x00000000         0xffffffff

Linker script and memory map

LOAD c:/siliconlabs/simplicitystudio/v2/developer/toolchains/gnu_arm/4.7_2013q1/bin/../lib/gcc/arm-none-eabi/4.7.3/armv7-m/crti.o
LOAD c:/siliconlabs/simplicitystudio/v2/developer/toolchains/gnu_arm/4.7_2013q1/bin/../lib/gcc/arm-none-eabi/4.7.3/armv7-m/crtbegin.o
LOAD c:/siliconlabs/simplicitystudio/v2/developer/toolchains/gnu_arm/4.7_2013q1/bin/../lib/gcc/arm-none-eabi/4.7.3/../../../../arm-none-eabi/lib/armv7-m/crt0.o
LOAD ./src/main.o
LOAD ./src/spi.o
LOAD ./src/usart.o
LOAD ./emlib/em_assert.o
LOAD ./emlib/em_cmu.o
LOAD ./emlib/em_emu.o
LOAD ./emlib/em_gpio.o
LOAD ./emlib/em_int.o
LOAD ./emlib/em_system.o
LOAD ./emlib/em_usart.o
LOAD ./Drivers/gpiointerrupt.o
LOAD ./CMSIS/efm32tg/startup_efm32tg.o
LOAD ./CMSIS/efm32tg/system_efm32tg.o
LOAD ./BSP/bsp_bcc.o
LOAD ./BSP/bsp_stk.o
LOAD ./BSP/bsp_stk_leds.o
LOAD ./BSP/bsp_trace.o
START GROUP
LOAD c:/siliconlabs/simplicitystudio/v2/developer/toolchains/gnu_arm/4.7_2013q1/bin/../lib/gcc/arm-none-eabi/4.7.3/armv7-m\libgcc.a
LOAD c:/siliconlabs/simplicitystudio/v2/developer/toolchains/gnu_arm/4.7_2013q1/bin/../lib/gcc/arm-none-eabi/4.7.3/../../../../arm-none-eabi/lib/armv7-m\libc_s.a
LOAD c:/siliconlabs/simplicitystudio/v2/developer/toolchains/gnu_arm/4.7_2013q1/bin/../lib/gcc/arm-none-eabi/4.7.3/../../../../arm-none-eabi/lib/armv7-m\libnosys.a
END GROUP
START GROUP
LOAD c:/siliconlabs/simplicitystudio/v2/developer/toolchains/gnu_arm/4.7_2013q1/bin/../lib/gcc/arm-none-eabi/4.7.3/armv7-m\libgcc.a
LOAD c:/siliconlabs/simplicitystudio/v2/developer/toolchains/gnu_arm/4.7_2013q1/bin/../lib/gcc/arm-none-eabi/4.7.3/../../../../arm-none-eabi/lib/armv7-m\libc_s.a
END GROUP
LOAD c:/siliconlabs/simplicitystudio/v2/developer/toolchains/gnu_arm/4.7_2013q1/bin/../lib/gcc/arm-none-eabi/4.7.3/armv7-m/crtend.o
LOAD c:/siliconlabs/simplicitystudio/v2/developer/toolchains/gnu_arm/4.7_2013q1/bin/../lib/gcc/arm-none-eabi/4.7.3/armv7-m/crtn.o

.text           0x00000000     0x1ec4
 *(.isr_vector)
 .isr_vector    0x00000000      0x100 ./CMSIS/efm32tg/startup_efm32tg.o
                0x00000000                __isr_vector
 *(.text*)
 .text          0x00000100       0x54 c:/siliconlabs/simplicitystudio/v2/developer/toolchains/gnu_arm/4.7_2013q1/bin/../lib/gcc/arm-none-eabi/4.7.3/armv7-m/crtbegin.o
 .text          0x00000154       0x70 c:/siliconlabs/simplicitystudio/v2/developer/toolchains/gnu_arm/4.7_2013q1/bin/../lib/gcc/arm-none-eabi/4.7.3/../../../../arm-none-eabi/lib/armv7-m/crt0.o
                0x00000154                _start
                0x00000154                start
                0x00000154                _mainCRTStartup
 .text.NVIC_SetPriority
                0x000001c4       0x5c ./src/main.o
 .text.SysTick_Config
                0x00000220       0x64 ./src/main.o
 .text.CHIP_Init
                0x00000284        0xc ./src/main.o
 .text.GPIO_PinOutClear
                0x00000290       0x5c ./src/main.o
 .text.GPIO_PinOutSet
                0x000002ec       0x5c ./src/main.o
 .text.SysTick_Handler
                0x00000348       0x24 ./src/main.o
                0x00000348                SysTick_Handler
 .text.Delay    0x0000036c       0x34 ./src/main.o
                0x0000036c                Delay
 .text.gpioCallback
                0x000003a0      0x108 ./src/main.o
                0x000003a0                gpioCallback
 .text.main     0x000004a8      0x514 ./src/main.o
                0x000004a8                main
 .text.SPI_setup
                0x000009bc      0x35c ./src/spi.o
                0x000009bc                SPI_setup
 .text.USART1_RX_IRQHandler
                0x00000d18       0x78 ./src/spi.o
                0x00000d18                USART1_RX_IRQHandler
 .text.USART1_TX_IRQHandler
                0x00000d90       0x9c ./src/spi.o
                0x00000d90                USART1_TX_IRQHandler
 .text.USART1_send4Byte
                0x00000e2c       0x80 ./src/usart.o
                0x00000e2c                USART1_send4Byte
 .text.assertEFM
                0x00000eac        0xc ./emlib/em_assert.o
                0x00000eac                assertEFM
 .text.BITBAND_Peripheral
                0x00000eb8       0x30 ./emlib/em_cmu.o
 .text.CMU_DivToLog2
                0x00000ee8       0x48 ./emlib/em_cmu.o
 .text.CMU_AUXClkGet
                0x00000f30       0x9c ./emlib/em_cmu.o
 .text.CMU_DBGClkGet
                0x00000fcc       0x54 ./emlib/em_cmu.o
 .text.CMU_LFClkGet
                0x00001020       0xb8 ./emlib/em_cmu.o
 .text.CMU_Sync
                0x000010d8       0x3c ./emlib/em_cmu.o
 .text.CMU_ClockEnable
                0x00001114       0xd8 ./emlib/em_cmu.o
                0x00001114                CMU_ClockEnable
 .text.CMU_ClockFreqGet
                0x000011ec      0x1fc ./emlib/em_cmu.o
                0x000011ec                CMU_ClockFreqGet
 .text.CMU_ClockSelectGet
                0x000013e8      0x16c ./emlib/em_cmu.o
                0x000013e8                CMU_ClockSelectGet
 .text.BITBAND_Peripheral
                0x00001554       0x30 ./emlib/em_gpio.o
 .text.GPIO_IntConfig
                0x00001584      0x104 ./emlib/em_gpio.o
                0x00001584                GPIO_IntConfig
 .text.GPIO_PinModeSet
                0x00001688      0x1c8 ./emlib/em_gpio.o
                0x00001688                GPIO_PinModeSet
 .text.NVIC_EnableIRQ
                0x00001850       0x38 ./Drivers/gpiointerrupt.o
 .text.NVIC_ClearPendingIRQ
                0x00001888       0x3c ./Drivers/gpiointerrupt.o
 .text.GPIO_IntClear
                0x000018c4       0x20 ./Drivers/gpiointerrupt.o
 .text.GPIO_IntGetEnabled
                0x000018e4       0x30 ./Drivers/gpiointerrupt.o
 .text.INT_Disable
                0x00001914       0x40 ./Drivers/gpiointerrupt.o
 .text.INT_Enable
                0x00001954       0x54 ./Drivers/gpiointerrupt.o
 .text.GPIOINT_Init
                0x000019a8       0x28 ./Drivers/gpiointerrupt.o
                0x000019a8                GPIOINT_Init
 .text.GPIOINT_CallbackRegister
                0x000019d0       0x2c ./Drivers/gpiointerrupt.o
                0x000019d0                GPIOINT_CallbackRegister
 .text.GPIOINT_IRQDispatcher
                0x000019fc       0x74 ./Drivers/gpiointerrupt.o
 .text.GPIO_EVEN_IRQHandler
                0x00001a70       0x28 ./Drivers/gpiointerrupt.o
                0x00001a70                GPIO_EVEN_IRQHandler
 .text.GPIO_ODD_IRQHandler
                0x00001a98       0x28 ./Drivers/gpiointerrupt.o
                0x00001a98                GPIO_ODD_IRQHandler
 .text          0x00001ac0       0x78 ./CMSIS/efm32tg/startup_efm32tg.o
                0x00001ac0                Reset_Handler
                0x00001af4                Default_Handler
                0x00001af6                NMI_Handler
                0x00001af8                HardFault_Handler
                0x00001afa                MemManage_Handler
                0x00001afc                BusFault_Handler
                0x00001afe                UsageFault_Handler
                0x00001b00                SVC_Handler
                0x00001b02                DebugMon_Handler
                0x00001b04                PendSV_Handler
                0x00001b08                DMA_IRQHandler
                0x00001b0c                TIMER0_IRQHandler
                0x00001b0e                USART0_RX_IRQHandler
                0x00001b10                USART0_TX_IRQHandler
                0x00001b12                ACMP0_IRQHandler
                0x00001b14                ADC0_IRQHandler
                0x00001b16                DAC0_IRQHandler
                0x00001b18                I2C0_IRQHandler
                0x00001b1c                TIMER1_IRQHandler
                0x00001b22                LESENSE_IRQHandler
                0x00001b24                LEUART0_IRQHandler
                0x00001b26                LETIMER0_IRQHandler
                0x00001b28                PCNT0_IRQHandler
                0x00001b2a                RTC_IRQHandler
                0x00001b2c                CMU_IRQHandler
                0x00001b2e                VCMP_IRQHandler
                0x00001b30                LCD_IRQHandler
                0x00001b32                MSC_IRQHandler
                0x00001b34                AES_IRQHandler
 .text.GetProdRev
                0x00001b38       0x1c ./CMSIS/efm32tg/system_efm32tg.o
 .text.SystemCoreClockGet
                0x00001b54       0x3c ./CMSIS/efm32tg/system_efm32tg.o
                0x00001b54                SystemCoreClockGet
 .text.SystemHFClockGet
                0x00001b90      0x110 ./CMSIS/efm32tg/system_efm32tg.o
                0x00001b90                SystemHFClockGet
 .text.SystemInit
                0x00001ca0        0xc ./CMSIS/efm32tg/system_efm32tg.o
                0x00001ca0                SystemInit
 .text.SystemLFRCOClockGet
                0x00001cac       0x10 ./CMSIS/efm32tg/system_efm32tg.o
                0x00001cac                SystemLFRCOClockGet
 .text.SystemULFRCOClockGet
                0x00001cbc       0x10 ./CMSIS/efm32tg/system_efm32tg.o
                0x00001cbc                SystemULFRCOClockGet
 .text.SystemLFXOClockGet
                0x00001ccc       0x18 ./CMSIS/efm32tg/system_efm32tg.o
                0x00001ccc                SystemLFXOClockGet
 .text.__register_exitproc
                0x00001ce4       0x14 c:/siliconlabs/simplicitystudio/v2/developer/toolchains/gnu_arm/4.7_2013q1/bin/../lib/gcc/arm-none-eabi/4.7.3/../../../../arm-none-eabi/lib/armv7-m\libc_s.a(lib_a-__atexit2.o)
                0x00001ce4                __register_exitproc
 .text.exit     0x00001cf8       0x2c c:/siliconlabs/simplicitystudio/v2/developer/toolchains/gnu_arm/4.7_2013q1/bin/../lib/gcc/arm-none-eabi/4.7.3/../../../../arm-none-eabi/lib/armv7-m\libc_s.a(lib_a-exit.o)
                0x00001cf8                exit
 .text.__libc_fini_array
                0x00001d24       0x2c c:/siliconlabs/simplicitystudio/v2/developer/toolchains/gnu_arm/4.7_2013q1/bin/../lib/gcc/arm-none-eabi/4.7.3/../../../../arm-none-eabi/lib/armv7-m\libc_s.a(lib_a-fini.o)
                0x00001d24                __libc_fini_array
 .text.__libc_init_array
                0x00001d50       0x4c c:/siliconlabs/simplicitystudio/v2/developer/toolchains/gnu_arm/4.7_2013q1/bin/../lib/gcc/arm-none-eabi/4.7.3/../../../../arm-none-eabi/lib/armv7-m\libc_s.a(lib_a-init.o)
                0x00001d50                __libc_init_array
 .text.memset   0x00001d9c       0x10 c:/siliconlabs/simplicitystudio/v2/developer/toolchains/gnu_arm/4.7_2013q1/bin/../lib/gcc/arm-none-eabi/4.7.3/../../../../arm-none-eabi/lib/armv7-m\libc_s.a(lib_a-memset.o)
                0x00001d9c                memset
 .text._exit    0x00001dac        0x4 c:/siliconlabs/simplicitystudio/v2/developer/toolchains/gnu_arm/4.7_2013q1/bin/../lib/gcc/arm-none-eabi/4.7.3/../../../../arm-none-eabi/lib/armv7-m\libnosys.a(_exit.o)
                0x00001dac                _exit
 *(.init)
 .init          0x00001db0        0x4 c:/siliconlabs/simplicitystudio/v2/developer/toolchains/gnu_arm/4.7_2013q1/bin/../lib/gcc/arm-none-eabi/4.7.3/armv7-m/crti.o
                0x00001db0                _init
 .init          0x00001db4        0x8 c:/siliconlabs/simplicitystudio/v2/developer/toolchains/gnu_arm/4.7_2013q1/bin/../lib/gcc/arm-none-eabi/4.7.3/armv7-m/crtn.o
 *(.fini)
 .fini          0x00001dbc        0x4 c:/siliconlabs/simplicitystudio/v2/developer/toolchains/gnu_arm/4.7_2013q1/bin/../lib/gcc/arm-none-eabi/4.7.3/armv7-m/crti.o
                0x00001dbc                _fini
 .fini          0x00001dc0        0x8 c:/siliconlabs/simplicitystudio/v2/developer/toolchains/gnu_arm/4.7_2013q1/bin/../lib/gcc/arm-none-eabi/4.7.3/armv7-m/crtn.o
 *crtbegin.o(.ctors)
 *crtbegin?.o(.ctors)
 *(EXCLUDE_FILE(*crtend.o *crtend?.o) .ctors)
 *(SORT(.ctors.*))
 *(.ctors)
 *crtbegin.o(.dtors)
 *crtbegin?.o(.dtors)
 *(EXCLUDE_FILE(*crtend.o *crtend?.o) .dtors)
 *(SORT(.dtors.*))
 *(.dtors)
 *(.rodata*)
 .rodata        0x00001dc8       0x50 ./src/main.o
 .rodata        0x00001e18       0x50 ./emlib/em_cmu.o
 .rodata        0x00001e68       0x50 ./emlib/em_gpio.o
 .rodata.str1.1
                0x00001eb8        0x2 c:/siliconlabs/simplicitystudio/v2/developer/toolchains/gnu_arm/4.7_2013q1/bin/../lib/gcc/arm-none-eabi/4.7.3/../../../../arm-none-eabi/lib/armv7-m\libc_s.a(lib_a-impure.o)
 *fill*         0x00001eba        0x2 00
 .rodata._global_impure_ptr
                0x00001ebc        0x4 c:/siliconlabs/simplicitystudio/v2/developer/toolchains/gnu_arm/4.7_2013q1/bin/../lib/gcc/arm-none-eabi/4.7.3/../../../../arm-none-eabi/lib/armv7-m\libc_s.a(lib_a-impure.o)
                0x00001ebc                _global_impure_ptr
 *(.eh_frame*)
 .eh_frame      0x00001ec0        0x0 c:/siliconlabs/simplicitystudio/v2/developer/toolchains/gnu_arm/4.7_2013q1/bin/../lib/gcc/arm-none-eabi/4.7.3/armv7-m/crtbegin.o
 .eh_frame      0x00001ec0        0x4 c:/siliconlabs/simplicitystudio/v2/developer/toolchains/gnu_arm/4.7_2013q1/bin/../lib/gcc/arm-none-eabi/4.7.3/armv7-m/crtend.o

.glue_7         0x00001ec4        0x0
 .glue_7        0x00000000        0x0 linker stubs

.glue_7t        0x00001ec4        0x0
 .glue_7t       0x00000000        0x0 linker stubs

.vfp11_veneer   0x00001ec4        0x0
 .vfp11_veneer  0x00000000        0x0 linker stubs

.v4_bx          0x00001ec4        0x0
 .v4_bx         0x00000000        0x0 linker stubs

.iplt           0x00001ec4        0x0
 .iplt          0x00000000        0x0 c:/siliconlabs/simplicitystudio/v2/developer/toolchains/gnu_arm/4.7_2013q1/bin/../lib/gcc/arm-none-eabi/4.7.3/armv7-m/crtbegin.o

.ARM.extab
 *(.ARM.extab* .gnu.linkonce.armextab.*)
                0x00001ec4                __exidx_start = .

.ARM.exidx      0x00001ec4        0x8
 *(.ARM.exidx* .gnu.linkonce.armexidx.*)
 .ARM.exidx     0x00001ec4        0x8 c:/siliconlabs/simplicitystudio/v2/developer/toolchains/gnu_arm/4.7_2013q1/bin/../lib/gcc/arm-none-eabi/4.7.3/../../../../arm-none-eabi/lib/armv7-m/crt0.o
                0x00001ecc                __exidx_end = .
                0x00001ecc                __etext = .

.rel.dyn        0x00001ecc        0x0
 .rel.iplt      0x00000000        0x0 c:/siliconlabs/simplicitystudio/v2/developer/toolchains/gnu_arm/4.7_2013q1/bin/../lib/gcc/arm-none-eabi/4.7.3/armv7-m/crtbegin.o

.data           0x20000000       0x74 load address 0x00001ecc
                0x20000000                __data_start__ = .
 *(vtable)
 *(.data*)
 .data.SystemHFXOClock
                0x20000000        0x4 ./CMSIS/efm32tg/system_efm32tg.o
 .data.SystemLFXOClock
                0x20000004        0x4 ./CMSIS/efm32tg/system_efm32tg.o
 .data.impure_data
                0x20000008       0x64 c:/siliconlabs/simplicitystudio/v2/developer/toolchains/gnu_arm/4.7_2013q1/bin/../lib/gcc/arm-none-eabi/4.7.3/../../../../arm-none-eabi/lib/armv7-m\libc_s.a(lib_a-impure.o)
                0x2000006c                . = ALIGN (0x4)
 *(.ram)
                0x2000006c                . = ALIGN (0x4)
                0x2000006c                PROVIDE (__preinit_array_start, .)
 *(.preinit_array)
                0x2000006c                PROVIDE (__preinit_array_end, .)
                0x2000006c                . = ALIGN (0x4)
                0x2000006c                PROVIDE (__init_array_start, .)
 *(SORT(.init_array.*))
 *(.init_array)
 .init_array    0x2000006c        0x4 c:/siliconlabs/simplicitystudio/v2/developer/toolchains/gnu_arm/4.7_2013q1/bin/../lib/gcc/arm-none-eabi/4.7.3/armv7-m/crtbegin.o
                0x20000070                PROVIDE (__init_array_end, .)
                0x20000070                . = ALIGN (0x4)
                0x20000070                PROVIDE (__fini_array_start, .)
 *(SORT(.fini_array.*))
 *(.fini_array)
 .fini_array    0x20000070        0x4 c:/siliconlabs/simplicitystudio/v2/developer/toolchains/gnu_arm/4.7_2013q1/bin/../lib/gcc/arm-none-eabi/4.7.3/armv7-m/crtbegin.o
                0x20000074                PROVIDE (__fini_array_end, .)
                0x20000074                . = ALIGN (0x4)
                0x20000074                __data_end__ = .

.jcr            0x20000074        0x0 load address 0x00001f40
 .jcr           0x20000074        0x0 c:/siliconlabs/simplicitystudio/v2/developer/toolchains/gnu_arm/4.7_2013q1/bin/../lib/gcc/arm-none-eabi/4.7.3/armv7-m/crtbegin.o

.igot.plt       0x20000074        0x0 load address 0x00001f40
 .igot.plt      0x00000000        0x0 c:/siliconlabs/simplicitystudio/v2/developer/toolchains/gnu_arm/4.7_2013q1/bin/../lib/gcc/arm-none-eabi/4.7.3/armv7-m/crtbegin.o

.bss            0x20000074       0x9c load address 0x00001f40
                0x20000074                __bss_start__ = .
 *(.bss*)
 .bss           0x20000074       0x1c c:/siliconlabs/simplicitystudio/v2/developer/toolchains/gnu_arm/4.7_2013q1/bin/../lib/gcc/arm-none-eabi/4.7.3/armv7-m/crtbegin.o
 .bss.INT_LockCnt
                0x20000090        0x4 ./emlib/em_int.o
                0x20000090                INT_LockCnt
 .bss.gpioCallbacks
                0x20000094       0x40 ./Drivers/gpiointerrupt.o
 *(COMMON)
 COMMON         0x200000d4       0x11 ./src/main.o
                0x200000d4                receiveBuffer2
                0x200000dc                msTicks
                0x200000e0                receiveBuffer
 *fill*         0x200000e5        0x3 00
 COMMON         0x200000e8       0x24 ./src/spi.o
                0x200000e8                slaveRxBufferIndex
                0x200000ec                masterRxBufferIndex
                0x200000f0                slaveRxBuffer
                0x200000f4                slaveRxBufferSize
                0x200000f8                masterRxBufferSize
                0x200000fc                slaveTxBufferSize
                0x20000100                masterRxBuffer
                0x20000104                slaveTxBuffer
                0x20000108                slaveTxBufferIndex
 COMMON         0x2000010c        0x4 ./CMSIS/efm32tg/system_efm32tg.o
                0x2000010c                SystemCoreClock
                0x20000110                __bss_end__ = .

.heap           0x20000110        0x0
                0x20000110                __end__ = .
                0x20000110                end = __end__
                0x20000110                _end = __end__
 *(.heap*)
 .heap          0x20000110        0x0 ./CMSIS/efm32tg/startup_efm32tg.o
                0x20000110                __HeapLimit = .

.stack_dummy    0x20000110      0x400
 *(.stack)
 .stack         0x20000110      0x400 ./CMSIS/efm32tg/startup_efm32tg.o
                0x20001000                __StackTop = (ORIGIN (RAM) + 0x1000)
                0x20000c00                __StackLimit = (__StackTop - SIZEOF (.stack_dummy))
                0x20001000                PROVIDE (__stack, __StackTop)
                0x00000001                ASSERT ((__StackLimit >= __HeapLimit), region RAM overflowed with stack)
OUTPUT(STK3300_pox_spi.axf elf32-littlearm)

.ARM.attributes
                0x00000000       0x29
 .ARM.attributes
                0x00000000       0x1d c:/siliconlabs/simplicitystudio/v2/developer/toolchains/gnu_arm/4.7_2013q1/bin/../lib/gcc/arm-none-eabi/4.7.3/armv7-m/crti.o
 .ARM.attributes
                0x0000001d       0x2d c:/siliconlabs/simplicitystudio/v2/developer/toolchains/gnu_arm/4.7_2013q1/bin/../lib/gcc/arm-none-eabi/4.7.3/armv7-m/crtbegin.o
 .ARM.attributes
                0x0000004a       0x1b c:/siliconlabs/simplicitystudio/v2/developer/toolchains/gnu_arm/4.7_2013q1/bin/../lib/gcc/arm-none-eabi/4.7.3/../../../../arm-none-eabi/lib/armv7-m/crt0.o
 .ARM.attributes
                0x00000065       0x33 ./src/main.o
 .ARM.attributes
                0x00000098       0x33 ./src/spi.o
 .ARM.attributes
                0x000000cb       0x33 ./src/usart.o
 .ARM.attributes
                0x000000fe       0x33 ./emlib/em_assert.o
 .ARM.attributes
                0x00000131       0x33 ./emlib/em_cmu.o
 .ARM.attributes
                0x00000164       0x33 ./emlib/em_gpio.o
 .ARM.attributes
                0x00000197       0x33 ./emlib/em_int.o
 .ARM.attributes
                0x000001ca       0x33 ./Drivers/gpiointerrupt.o
 .ARM.attributes
                0x000001fd       0x1b ./CMSIS/efm32tg/startup_efm32tg.o
 .ARM.attributes
                0x00000218       0x33 ./CMSIS/efm32tg/system_efm32tg.o
 .ARM.attributes
                0x0000024b       0x2d c:/siliconlabs/simplicitystudio/v2/developer/toolchains/gnu_arm/4.7_2013q1/bin/../lib/gcc/arm-none-eabi/4.7.3/../../../../arm-none-eabi/lib/armv7-m\libc_s.a(lib_a-__atexit2.o)
 .ARM.attributes
                0x00000278       0x2d c:/siliconlabs/simplicitystudio/v2/developer/toolchains/gnu_arm/4.7_2013q1/bin/../lib/gcc/arm-none-eabi/4.7.3/../../../../arm-none-eabi/lib/armv7-m\libc_s.a(lib_a-exit.o)
 .ARM.attributes
                0x000002a5       0x2d c:/siliconlabs/simplicitystudio/v2/developer/toolchains/gnu_arm/4.7_2013q1/bin/../lib/gcc/arm-none-eabi/4.7.3/../../../../arm-none-eabi/lib/armv7-m\libc_s.a(lib_a-fini.o)
 .ARM.attributes
                0x000002d2       0x2d c:/siliconlabs/simplicitystudio/v2/developer/toolchains/gnu_arm/4.7_2013q1/bin/../lib/gcc/arm-none-eabi/4.7.3/../../../../arm-none-eabi/lib/armv7-m\libc_s.a(lib_a-impure.o)
 .ARM.attributes
                0x000002ff       0x2d c:/siliconlabs/simplicitystudio/v2/developer/toolchains/gnu_arm/4.7_2013q1/bin/../lib/gcc/arm-none-eabi/4.7.3/../../../../arm-none-eabi/lib/armv7-m\libc_s.a(lib_a-init.o)
 .ARM.attributes
                0x0000032c       0x2d c:/siliconlabs/simplicitystudio/v2/developer/toolchains/gnu_arm/4.7_2013q1/bin/../lib/gcc/arm-none-eabi/4.7.3/../../../../arm-none-eabi/lib/armv7-m\libc_s.a(lib_a-memset.o)
 .ARM.attributes
                0x00000359       0x2d c:/siliconlabs/simplicitystudio/v2/developer/toolchains/gnu_arm/4.7_2013q1/bin/../lib/gcc/arm-none-eabi/4.7.3/../../../../arm-none-eabi/lib/armv7-m\libnosys.a(_exit.o)
 .ARM.attributes
                0x00000386       0x2d c:/siliconlabs/simplicitystudio/v2/developer/toolchains/gnu_arm/4.7_2013q1/bin/../lib/gcc/arm-none-eabi/4.7.3/armv7-m/crtend.o
 .ARM.attributes
                0x000003b3       0x1d c:/siliconlabs/simplicitystudio/v2/developer/toolchains/gnu_arm/4.7_2013q1/bin/../lib/gcc/arm-none-eabi/4.7.3/armv7-m/crtn.o

.comment        0x00000000       0x70
 .comment       0x00000000       0x70 ./src/main.o
                                 0x71 (size before relaxing)
 .comment       0x00000000       0x71 ./src/spi.o
 .comment       0x00000000       0x71 ./src/usart.o
 .comment       0x00000000       0x71 ./emlib/em_assert.o
 .comment       0x00000000       0x71 ./emlib/em_cmu.o
 .comment       0x00000000       0x71 ./emlib/em_gpio.o
 .comment       0x00000000       0x71 ./emlib/em_int.o
 .comment       0x00000000       0x71 ./Drivers/gpiointerrupt.o
 .comment       0x00000000       0x71 ./CMSIS/efm32tg/system_efm32tg.o

.debug_info     0x00000000     0x3826
 .debug_info    0x00000000      0xa45 ./src/main.o
 .debug_info    0x00000a45      0x7cb ./src/spi.o
 .debug_info    0x00001210      0x353 ./src/usart.o
 .debug_info    0x00001563       0x76 ./emlib/em_assert.o
 .debug_info    0x000015d9      0xf06 ./emlib/em_cmu.o
 .debug_info    0x000024df      0x4d0 ./emlib/em_gpio.o
 .debug_info    0x000029af       0xa2 ./emlib/em_int.o
 .debug_info    0x00002a51      0x7a3 ./Drivers/gpiointerrupt.o
 .debug_info    0x000031f4       0xef ./CMSIS/efm32tg/startup_efm32tg.o
 .debug_info    0x000032e3      0x543 ./CMSIS/efm32tg/system_efm32tg.o

.debug_abbrev   0x00000000      0xd94
 .debug_abbrev  0x00000000      0x24f ./src/main.o
 .debug_abbrev  0x0000024f      0x1d5 ./src/spi.o
 .debug_abbrev  0x00000424       0xd3 ./src/usart.o
 .debug_abbrev  0x000004f7       0x63 ./emlib/em_assert.o
 .debug_abbrev  0x0000055a      0x2b9 ./emlib/em_cmu.o
 .debug_abbrev  0x00000813      0x11e ./emlib/em_gpio.o
 .debug_abbrev  0x00000931       0x5a ./emlib/em_int.o
 .debug_abbrev  0x0000098b      0x28a ./Drivers/gpiointerrupt.o
 .debug_abbrev  0x00000c15       0x14 ./CMSIS/efm32tg/startup_efm32tg.o
 .debug_abbrev  0x00000c29      0x16b ./CMSIS/efm32tg/system_efm32tg.o

.debug_loc      0x00000000     0x1068
 .debug_loc     0x00000000      0x1e0 ./src/main.o
 .debug_loc     0x000001e0      0x1c0 ./src/spi.o
 .debug_loc     0x000003a0       0xa8 ./src/usart.o
 .debug_loc     0x00000448       0x38 ./emlib/em_assert.o
 .debug_loc     0x00000480      0x698 ./emlib/em_cmu.o
 .debug_loc     0x00000b18      0x118 ./emlib/em_gpio.o
 .debug_loc     0x00000c30      0x250 ./Drivers/gpiointerrupt.o
 .debug_loc     0x00000e80      0x1e8 ./CMSIS/efm32tg/system_efm32tg.o

.debug_aranges  0x00000000      0x368
 .debug_aranges
                0x00000000       0x60 ./src/main.o
 .debug_aranges
                0x00000060       0x58 ./src/spi.o
 .debug_aranges
                0x000000b8       0x30 ./src/usart.o
 .debug_aranges
                0x000000e8       0x20 ./emlib/em_assert.o
 .debug_aranges
                0x00000108      0x110 ./emlib/em_cmu.o
 .debug_aranges
                0x00000218       0x40 ./emlib/em_gpio.o
 .debug_aranges
                0x00000258       0x18 ./emlib/em_int.o
 .debug_aranges
                0x00000270       0x70 ./Drivers/gpiointerrupt.o
 .debug_aranges
                0x000002e0       0x20 ./CMSIS/efm32tg/startup_efm32tg.o
 .debug_aranges
                0x00000300       0x68 ./CMSIS/efm32tg/system_efm32tg.o

.debug_ranges   0x00000000      0x2b0
 .debug_ranges  0x00000000       0x50 ./src/main.o
 .debug_ranges  0x00000050       0x48 ./src/spi.o
 .debug_ranges  0x00000098       0x20 ./src/usart.o
 .debug_ranges  0x000000b8       0x10 ./emlib/em_assert.o
 .debug_ranges  0x000000c8      0x100 ./emlib/em_cmu.o
 .debug_ranges  0x000001c8       0x30 ./emlib/em_gpio.o
 .debug_ranges  0x000001f8       0x60 ./Drivers/gpiointerrupt.o
 .debug_ranges  0x00000258       0x58 ./CMSIS/efm32tg/system_efm32tg.o

.debug_line     0x00000000     0x1ceb
 .debug_line    0x00000000      0x366 ./src/main.o
 .debug_line    0x00000366      0x2f4 ./src/spi.o
 .debug_line    0x0000065a      0x212 ./src/usart.o
 .debug_line    0x0000086c       0x85 ./emlib/em_assert.o
 .debug_line    0x000008f1      0x7c9 ./emlib/em_cmu.o
 .debug_line    0x000010ba      0x302 ./emlib/em_gpio.o
 .debug_line    0x000013bc      0x161 ./emlib/em_int.o
 .debug_line    0x0000151d      0x413 ./Drivers/gpiointerrupt.o
 .debug_line    0x00001930       0xdb ./CMSIS/efm32tg/startup_efm32tg.o
 .debug_line    0x00001a0b      0x2e0 ./CMSIS/efm32tg/system_efm32tg.o

.debug_str      0x00000000     0x1731
 .debug_str     0x00000000      0x860 ./src/main.o
                                0x8b7 (size before relaxing)
 .debug_str     0x00000860      0x244 ./src/spi.o
                                0x785 (size before relaxing)
 .debug_str     0x00000aa4       0x97 ./src/usart.o
                                0x28f (size before relaxing)
 .debug_str     0x00000b3b       0x65 ./emlib/em_assert.o
                                 0xb3 (size before relaxing)
 .debug_str     0x00000ba0      0x76c ./emlib/em_cmu.o
                                0xa70 (size before relaxing)
 .debug_str     0x0000130c      0x114 ./emlib/em_gpio.o
                                0x4b1 (size before relaxing)
 .debug_str     0x00001420       0x5a ./emlib/em_int.o
                                0x14e (size before relaxing)
 .debug_str     0x0000147a      0x16a ./Drivers/gpiointerrupt.o
                                0x564 (size before relaxing)
 .debug_str     0x000015e4      0x14d ./CMSIS/efm32tg/system_efm32tg.o
                                0x3f7 (size before relaxing)

.debug_frame    0x00000000      0xa60
 .debug_frame   0x00000000      0x118 ./src/main.o
 .debug_frame   0x00000118      0x100 ./src/spi.o
 .debug_frame   0x00000218       0x64 ./src/usart.o
 .debug_frame   0x0000027c       0x2c ./emlib/em_assert.o
 .debug_frame   0x000002a8      0x3b4 ./emlib/em_cmu.o
 .debug_frame   0x0000065c       0xac ./emlib/em_gpio.o
 .debug_frame   0x00000708      0x150 ./Drivers/gpiointerrupt.o
 .debug_frame   0x00000858      0x120 ./CMSIS/efm32tg/system_efm32tg.o
 .debug_frame   0x00000978       0x28 c:/siliconlabs/simplicitystudio/v2/developer/toolchains/gnu_arm/4.7_2013q1/bin/../lib/gcc/arm-none-eabi/4.7.3/../../../../arm-none-eabi/lib/armv7-m\libc_s.a(lib_a-__atexit2.o)
 .debug_frame   0x000009a0       0x28 c:/siliconlabs/simplicitystudio/v2/developer/toolchains/gnu_arm/4.7_2013q1/bin/../lib/gcc/arm-none-eabi/4.7.3/../../../../arm-none-eabi/lib/armv7-m\libc_s.a(lib_a-exit.o)
 .debug_frame   0x000009c8       0x2c c:/siliconlabs/simplicitystudio/v2/developer/toolchains/gnu_arm/4.7_2013q1/bin/../lib/gcc/arm-none-eabi/4.7.3/../../../../arm-none-eabi/lib/armv7-m\libc_s.a(lib_a-fini.o)
 .debug_frame   0x000009f4       0x2c c:/siliconlabs/simplicitystudio/v2/developer/toolchains/gnu_arm/4.7_2013q1/bin/../lib/gcc/arm-none-eabi/4.7.3/../../../../arm-none-eabi/lib/armv7-m\libc_s.a(lib_a-init.o)
 .debug_frame   0x00000a20       0x20 c:/siliconlabs/simplicitystudio/v2/developer/toolchains/gnu_arm/4.7_2013q1/bin/../lib/gcc/arm-none-eabi/4.7.3/../../../../arm-none-eabi/lib/armv7-m\libc_s.a(lib_a-memset.o)
 .debug_frame   0x00000a40       0x20 c:/siliconlabs/simplicitystudio/v2/developer/toolchains/gnu_arm/4.7_2013q1/bin/../lib/gcc/arm-none-eabi/4.7.3/../../../../arm-none-eabi/lib/armv7-m\libnosys.a(_exit.o)
